<?xml version="1.0" encoding="utf-8" standalone="no"?>
<test-results xmlns:xsi="http://www.w3.org/2001/XMLSchema-instance" xsi:noNamespaceSchemaLocation="nunit_schema_2.5.xsd" name="Pester" total="13" errors="0" failures="6" not-run="0" inconclusive="0" ignored="0" skipped="0" invalid="0" date="2025-04-17" time="17:11:24">
  <environment os-version="10.0.22631" platform="Microsoft Windows 11 Home|C:\WINDOWS|\Device\Harddisk1\Partition3" cwd="C:\Users\thisi\workspace\personal\ftype-audit-safe" user-domain="Sputnik" nunit-version="2.5.8.0" clr-version="9.0.1" machine-name="SPUTNIK" user="soyuz" />
  <culture-info current-culture="en-US" current-uiculture="en-US" />
  <test-suite type="TestFixture" name="Pester" executed="True" result="Failure" success="False" time="0.177" asserts="0" description="Pester">
    <results>
      <test-suite type="TestFixture" name="C:\Users\thisi\workspace\personal\ftype-audit-safe\tests\platform-context.tests.ps1" executed="True" result="Failure" success="False" time="0.1701" asserts="0" description="C:\Users\thisi\workspace\personal\ftype-audit-safe\tests\platform-context.tests.ps1">
        <results>
          <test-suite type="TestFixture" name="Get-PlatformContext [real environment]" executed="True" result="Failure" success="False" time="0.0852" asserts="0" description="Get-PlatformContext [real environment]">
            <results>
              <test-suite type="TestFixture" name="Get-PlatformContext [real environment].Boolean Values" executed="True" result="Success" success="True" time="0.0787" asserts="0" description="Get-PlatformContext [real environment].Boolean Values">
                <results>
                  <test-case description="IsWindows is Boolean" name="Get-PlatformContext [real environment].Boolean Values.IsWindows is Boolean" time="0.0067" asserts="0" success="True" result="Success" executed="True" />
                  <test-case description="IsElevated is Boolean" name="Get-PlatformContext [real environment].Boolean Values.IsElevated is Boolean" time="0.0033" asserts="0" success="True" result="Success" executed="True" />
                  <test-case description="Is64BitOS is Boolean" name="Get-PlatformContext [real environment].Boolean Values.Is64BitOS is Boolean" time="0.004" asserts="0" success="True" result="Success" executed="True" />
                </results>
              </test-suite>
              <test-case description="Includes key: PowerShellEdition" name="Get-PlatformContext [real environment].Includes key: PowerShellEdition" time="0.0089" asserts="0" success="False" result="Failure" executed="True">
                <failure>
                  <message>Expected $null to be found in collection @('PowerShellEdition', 'PowerShellMajor', 'IsWindows', 'IsElevated', 'Is64BitOS', 'Is64BitProcess'), but it was not found.</message>
                  <stack-trace>at $ctx.PSObject.Properties.Name | Should -Contain $key, C:\Users\thisi\workspace\personal\ftype-audit-safe\tests\platform-context.tests.ps1:20
at &lt;ScriptBlock&gt;, C:\Users\thisi\workspace\personal\ftype-audit-safe\tests\platform-context.tests.ps1:20</stack-trace>
                </failure>
              </test-case>
              <test-case description="Includes key: PowerShellMajor" name="Get-PlatformContext [real environment].Includes key: PowerShellMajor" time="0.0068" asserts="0" success="False" result="Failure" executed="True">
                <failure>
                  <message>Expected $null to be found in collection @('PowerShellEdition', 'PowerShellMajor', 'IsWindows', 'IsElevated', 'Is64BitOS', 'Is64BitProcess'), but it was not found.</message>
                  <stack-trace>at $ctx.PSObject.Properties.Name | Should -Contain $key, C:\Users\thisi\workspace\personal\ftype-audit-safe\tests\platform-context.tests.ps1:20
at &lt;ScriptBlock&gt;, C:\Users\thisi\workspace\personal\ftype-audit-safe\tests\platform-context.tests.ps1:20</stack-trace>
                </failure>
              </test-case>
              <test-case description="Includes key: IsWindows" name="Get-PlatformContext [real environment].Includes key: IsWindows" time="0.0153" asserts="0" success="False" result="Failure" executed="True">
                <failure>
                  <message>Expected $null to be found in collection @('PowerShellEdition', 'PowerShellMajor', 'IsWindows', 'IsElevated', 'Is64BitOS', 'Is64BitProcess'), but it was not found.</message>
                  <stack-trace>at $ctx.PSObject.Properties.Name | Should -Contain $key, C:\Users\thisi\workspace\personal\ftype-audit-safe\tests\platform-context.tests.ps1:20
at &lt;ScriptBlock&gt;, C:\Users\thisi\workspace\personal\ftype-audit-safe\tests\platform-context.tests.ps1:20</stack-trace>
                </failure>
              </test-case>
              <test-case description="Includes key: IsElevated" name="Get-PlatformContext [real environment].Includes key: IsElevated" time="0.006" asserts="0" success="False" result="Failure" executed="True">
                <failure>
                  <message>Expected $null to be found in collection @('PowerShellEdition', 'PowerShellMajor', 'IsWindows', 'IsElevated', 'Is64BitOS', 'Is64BitProcess'), but it was not found.</message>
                  <stack-trace>at $ctx.PSObject.Properties.Name | Should -Contain $key, C:\Users\thisi\workspace\personal\ftype-audit-safe\tests\platform-context.tests.ps1:20
at &lt;ScriptBlock&gt;, C:\Users\thisi\workspace\personal\ftype-audit-safe\tests\platform-context.tests.ps1:20</stack-trace>
                </failure>
              </test-case>
              <test-case description="Includes key: Is64BitOS" name="Get-PlatformContext [real environment].Includes key: Is64BitOS" time="0.0083" asserts="0" success="False" result="Failure" executed="True">
                <failure>
                  <message>Expected $null to be found in collection @('PowerShellEdition', 'PowerShellMajor', 'IsWindows', 'IsElevated', 'Is64BitOS', 'Is64BitProcess'), but it was not found.</message>
                  <stack-trace>at $ctx.PSObject.Properties.Name | Should -Contain $key, C:\Users\thisi\workspace\personal\ftype-audit-safe\tests\platform-context.tests.ps1:20
at &lt;ScriptBlock&gt;, C:\Users\thisi\workspace\personal\ftype-audit-safe\tests\platform-context.tests.ps1:20</stack-trace>
                </failure>
              </test-case>
              <test-case description="Includes key: Is64BitProcess" name="Get-PlatformContext [real environment].Includes key: Is64BitProcess" time="0.0058" asserts="0" success="False" result="Failure" executed="True">
                <failure>
                  <message>Expected $null to be found in collection @('PowerShellEdition', 'PowerShellMajor', 'IsWindows', 'IsElevated', 'Is64BitOS', 'Is64BitProcess'), but it was not found.</message>
                  <stack-trace>at $ctx.PSObject.Properties.Name | Should -Contain $key, C:\Users\thisi\workspace\personal\ftype-audit-safe\tests\platform-context.tests.ps1:20
at &lt;ScriptBlock&gt;, C:\Users\thisi\workspace\personal\ftype-audit-safe\tests\platform-context.tests.ps1:20</stack-trace>
                </failure>
              </test-case>
              <test-case description="Reports PowerShell edition as 'Desktop' or 'Core'" name="Get-PlatformContext [real environment].Reports PowerShell edition as 'Desktop' or 'Core'" time="0.0028" asserts="0" success="True" result="Success" executed="True" />
              <test-case description="Returns PowerShellMajor as Int32" name="Get-PlatformContext [real environment].Returns PowerShellMajor as Int32" time="0.0032" asserts="0" success="True" result="Success" executed="True" />
            </results>
          </test-suite>
          <test-suite type="TestFixture" name="Get-PlatformContext [simulated]" executed="True" result="Success" success="True" time="0.1033" asserts="0" description="Get-PlatformContext [simulated]">
            <results>
              <test-case description="Simulates non-elevated session" name="Get-PlatformContext [simulated].Simulates non-elevated session" time="0.0048" asserts="0" success="True" result="Success" executed="True" />
              <test-case description="Simulates 32-bit PowerShell on 64-bit OS" name="Get-PlatformContext [simulated].Simulates 32-bit PowerShell on 64-bit OS" time="0.0035" asserts="0" success="True" result="Success" executed="True" />
            </results>
          </test-suite>
        </results>
      </test-suite>
    </results>
  </test-suite>
</test-results>